// Jest Snapshot v1, https://goo.gl/fbAQLP

exports[`should correctly render DashboardPage 1`] = `
<div>
  Dashboard Page Content
</div>
`;
